// Jest Snapshot v1, https://goo.gl/fbAQLP

exports[`[component] Jedi should render boundary error 1`] = `"<div class=\\"jedi\\"><form id=\\"jedi-form\\" class=\\"jedi-form\\"><div class=\\"jedi-form-field\\"><label class=\\"jedi-form-field-label\\" for=\\"jedi-form-field_name\\">Add a Jedi to the Council</label><input class=\\"jedi-form-field-input\\" id=\\"jedi-form-field_name\\" name=\\"jedi-form-field_name\\" value=\\"\\" placeholder=\\"name\\"/></div><button class=\\"jedi-form-button-submit\\" type=\\"submit\\" title=\\"[disabled] Submit your padawan to the Council\\" disabled=\\"\\"><img alt=\\"app logo\\" src=\\"logo_jedi_order.svg\\" class=\\"app-logo\\"/></button></form><div class=\\"jedi-list-empty\\"><div class=\\"jedi-quote\\"><p>Looks like someone executed Order 66 !</p><blockquote><p>Master sky walker there is too many of them what are we going to do?</p><footer>Padawan</footer></blockquote></div></div></div>"`;

exports[`[component] Jedi should render boundary error 2`] = `"<div class=\\"jedi error\\"><div class=\\"jedi-error\\"><div class=\\"jedi-quote\\"><p>death star destroyed !</p><blockquote><p>I felt a great disturbance in the Force, as if millions of voices suddenly cried out in terror and were suddenly silenced. I fear something terrible has happened.</p><footer>Obi-Wan Kenobi</footer></blockquote></div></div><form id=\\"jedi-form\\" class=\\"jedi-form\\"><div class=\\"jedi-form-field\\"><label class=\\"jedi-form-field-label\\" for=\\"jedi-form-field_name\\">Add a Jedi to the Council</label><input class=\\"jedi-form-field-input\\" id=\\"jedi-form-field_name\\" name=\\"jedi-form-field_name\\" value=\\"\\" placeholder=\\"name\\"/></div><button class=\\"jedi-form-button-submit\\" type=\\"submit\\" title=\\"[disabled] Submit your padawan to the Council\\" disabled=\\"\\"><img alt=\\"app logo\\" src=\\"logo_jedi_order.svg\\" class=\\"app-logo\\"/></button></form><div class=\\"jedi-list-empty\\"><div class=\\"jedi-quote\\"><p>Looks like someone executed Order 66 !</p><blockquote><p>Master sky walker there is too many of them what are we going to do?</p><footer>Padawan</footer></blockquote></div></div></div>"`;

exports[`[component] Jedi should render children as a function 1`] = `"<div class=\\"jedi\\"><form id=\\"jedi-form\\" class=\\"jedi-form\\"><div class=\\"jedi-form-field\\"><label class=\\"jedi-form-field-label\\" for=\\"jedi-form-field_name\\">Add a Jedi to the Council</label><input class=\\"jedi-form-field-input\\" id=\\"jedi-form-field_name\\" name=\\"jedi-form-field_name\\" value=\\"\\" placeholder=\\"name\\"/></div><button class=\\"jedi-form-button-submit\\" type=\\"submit\\" title=\\"[disabled] Submit your padawan to the Council\\" disabled=\\"\\"><img alt=\\"app logo\\" src=\\"logo_jedi_order.svg\\" class=\\"app-logo\\"/></button></form><div class=\\"jedi-list-item\\">Jar Jar Bings</div><div class=\\"jedi-list-item\\">Anakin Skywalkers</div></div>"`;

exports[`[component] Jedi should render component 1`] = `"<div class=\\"jedi\\"><form id=\\"jedi-form\\" class=\\"jedi-form\\"><div class=\\"jedi-form-field\\"><label class=\\"jedi-form-field-label\\" for=\\"jedi-form-field_name\\">Add a Jedi to the Council</label><input class=\\"jedi-form-field-input\\" id=\\"jedi-form-field_name\\" name=\\"jedi-form-field_name\\" value=\\"\\" placeholder=\\"name\\"/></div><button class=\\"jedi-form-button-submit\\" type=\\"submit\\" title=\\"[disabled] Submit your padawan to the Council\\" disabled=\\"\\"><img alt=\\"app logo\\" src=\\"logo_jedi_order.svg\\" class=\\"app-logo\\"/></button></form><div class=\\"jedi-list-empty\\"><div class=\\"jedi-quote\\"><p>Looks like someone executed Order 66 !</p><blockquote><p>Master sky walker there is too many of them what are we going to do?</p><footer>Padawan</footer></blockquote></div></div></div>"`;

exports[`[component] Jedi should render fetching error 1`] = `"<div class=\\"jedi\\"><form id=\\"jedi-form\\" class=\\"jedi-form\\"><div class=\\"jedi-form-field\\"><label class=\\"jedi-form-field-label\\" for=\\"jedi-form-field_name\\">Add a Jedi to the Council</label><input class=\\"jedi-form-field-input\\" id=\\"jedi-form-field_name\\" name=\\"jedi-form-field_name\\" value=\\"\\" placeholder=\\"name\\"/></div><button class=\\"jedi-form-button-submit\\" type=\\"submit\\" title=\\"[disabled] Submit your padawan to the Council\\" disabled=\\"\\"><img alt=\\"app logo\\" src=\\"logo_jedi_order.svg\\" class=\\"app-logo\\"/></button></form><div class=\\"jedi-list-empty\\"><div class=\\"jedi-quote\\"><p>Looks like someone executed Order 66 !</p><blockquote><p>Master sky walker there is too many of them what are we going to do?</p><footer>Padawan</footer></blockquote></div></div></div>"`;

exports[`[component] Jedi should render fetching error 2`] = `"<div class=\\"jedi error\\"><div class=\\"jedi-error\\"><div class=\\"jedi-quote\\"><p>death star destroyed !</p><blockquote><p>What if I told you that the Republic was now under the control of a Dark Lord of the Sith?</p><footer>Count Dooku</footer></blockquote></div></div><form id=\\"jedi-form\\" class=\\"jedi-form\\"><div class=\\"jedi-form-field\\"><label class=\\"jedi-form-field-label\\" for=\\"jedi-form-field_name\\">Add a Jedi to the Council</label><input class=\\"jedi-form-field-input\\" id=\\"jedi-form-field_name\\" name=\\"jedi-form-field_name\\" value=\\"\\" placeholder=\\"name\\"/></div><button class=\\"jedi-form-button-submit\\" type=\\"submit\\" title=\\"[disabled] Submit your padawan to the Council\\" disabled=\\"\\"><img alt=\\"app logo\\" src=\\"logo_jedi_order.svg\\" class=\\"app-logo\\"/></button></form><div class=\\"jedi-list-empty\\"><div class=\\"jedi-quote\\"><p>Looks like someone executed Order 66 !</p><blockquote><p>Master sky walker there is too many of them what are we going to do?</p><footer>Padawan</footer></blockquote></div></div></div>"`;
