// Jest Snapshot v1, https://goo.gl/fbAQLP

exports[`App should render component 1`] = `"<div class=\\"App\\"><header class=\\"App-header\\"><img src=\\"logo.svg\\" class=\\"App-logo\\" alt=\\"logo\\"/><h1 class=\\"app-title\\">Jedi List</h1></header><ul class=\\"App-list\\"></ul></div>"`;

exports[`App should render list item when jedi fetch success 1`] = `"<div class=\\"App\\"><header class=\\"App-header\\"><img src=\\"logo.svg\\" class=\\"App-logo\\" alt=\\"logo\\"/><h1 class=\\"app-title\\">Jedi List</h1></header><ul class=\\"App-list\\"><li class=\\"App-list-item\\">Jedi: id: 42 name: Jar Jar Bings</li><li class=\\"App-list-item\\">Jedi: id: 1337 name: Anakin Skywalkers</li></ul></div>"`;
